src/renderer/src/components/Sidebar.tsx(5,1): error TS6133: 'jsPDF' is declared but its value is never read.
src/renderer/src/components/StylePanelToggle.tsx(17,10): error TS6133: 'getToolId' is declared but its value is never read.
src/renderer/src/shapes/protractor/ProtractorShapeUtil.tsx(5,3): error TS6133: 'TLBaseShape' is declared but its value is never read.
src/renderer/src/shapes/protractor/ProtractorShapeUtil.tsx(6,3): error TS6133: 'Geometry2d' is declared but its value is never read.
src/renderer/src/shapes/protractor/ProtractorShapeUtil.tsx(8,3): error TS6133: 'Vec' is declared but its value is never read.
